// Vitest Snapshot v1, https://vitest.dev/guide/snapshot.html

exports[`buildEpics > groups demo issues by epic with progress + dates (golden master) 1`] = `
[
  {
    "endDate": null,
    "id": "EPIC-100",
    "isNoEpic": false,
    "key": "EPIC-100",
    "name": "Atlas Pipeline Foundations",
    "progress": {
      "counts": {
        "done": 3,
        "inprogress": 2,
        "todo": 0,
      },
      "doneHours": 25,
      "doneIssues": 3,
      "hours": {
        "done": 25,
        "inprogress": 22,
        "todo": 0,
      },
      "percent": 53,
      "totalHours": 47,
      "totalIssues": 5,
    },
    "sprintIds": [
      "sp-24",
      "sp-23",
    ],
    "startDate": "2026-04-20",
    "status": "inprogress",
    "statusName": "In Progress",
    "summary": "Build the core import + metrics pipeline",
    "tasks": [
      {
        "assignee": {
          "color": "#22d3ee",
          "id": "u2",
          "initials": "KT",
          "name": "Khoa Tran",
        },
        "doneDate": null,
        "epicKey": "EPIC-100",
        "key": "ATL-402",
        "originalEstimate": 16,
        "priority": "High",
        "remainingEstimate": 6,
        "sprintEndDate": "2026-05-29",
        "sprintId": "sp-24",
        "sprintName": "Sprint 24 — Atlas Release",
        "sprintStartDate": "2026-05-11",
        "startedDate": "2026-05-14",
        "status": "inprogress",
        "statusChanges": [
          {
            "date": "2026-05-11",
            "toStatus": {
              "name": "To Do",
              "statusCategory": {
                "key": "new",
              },
            },
          },
          {
            "date": "2026-05-14",
            "toStatus": {
              "name": "In Progress",
              "statusCategory": {
                "key": "indeterminate",
              },
            },
          },
        ],
        "statusName": "In Review",
        "summary": "Sprint metrics aggregation service",
        "timeSpent": 11,
        "type": "Story",
      },
      {
        "assignee": {
          "color": "#22d3ee",
          "id": "u2",
          "initials": "KT",
          "name": "Khoa Tran",
        },
        "doneDate": "2026-05-15",
        "epicKey": "EPIC-100",
        "key": "ATL-408",
        "originalEstimate": 5,
        "priority": "High",
        "remainingEstimate": 0,
        "sprintEndDate": "2026-05-29",
        "sprintId": "sp-24",
        "sprintName": "Sprint 24 — Atlas Release",
        "sprintStartDate": "2026-05-11",
        "startedDate": "2026-05-13",
        "status": "done",
        "statusChanges": [
          {
            "date": "2026-05-11",
            "toStatus": {
              "name": "To Do",
              "statusCategory": {
                "key": "new",
              },
            },
          },
          {
            "date": "2026-05-13",
            "toStatus": {
              "name": "In Progress",
              "statusCategory": {
                "key": "indeterminate",
              },
            },
          },
          {
            "date": "2026-05-15",
            "toStatus": {
              "name": "Done",
              "statusCategory": {
                "key": "done",
              },
            },
          },
        ],
        "statusName": "Resolved",
        "summary": "API rate-limit retry with backoff",
        "timeSpent": 5,
        "type": "Bug",
      },
      {
        "assignee": {
          "color": "#a78bfa",
          "id": "u1",
          "initials": "LN",
          "name": "Linh Nguyen",
        },
        "doneDate": null,
        "epicKey": "EPIC-100",
        "key": "ATL-411",
        "originalEstimate": 6,
        "priority": "Medium",
        "remainingEstimate": 4,
        "sprintEndDate": "2026-05-29",
        "sprintId": "sp-24",
        "sprintName": "Sprint 24 — Atlas Release",
        "sprintStartDate": "2026-05-11",
        "startedDate": "2026-05-19",
        "status": "inprogress",
        "statusChanges": [
          {
            "date": "2026-05-11",
            "toStatus": {
              "name": "To Do",
              "statusCategory": {
                "key": "new",
              },
            },
          },
          {
            "date": "2026-05-19",
            "toStatus": {
              "name": "In Progress",
              "statusCategory": {
                "key": "indeterminate",
              },
            },
          },
        ],
        "statusName": "In Progress",
        "summary": "Status category mapping override",
        "timeSpent": 3,
        "type": "Task",
      },
      {
        "assignee": {
          "color": "#22d3ee",
          "id": "u2",
          "initials": "KT",
          "name": "Khoa Tran",
        },
        "doneDate": "2026-04-30",
        "epicKey": "EPIC-100",
        "key": "ATL-301",
        "originalEstimate": 12,
        "priority": "High",
        "remainingEstimate": 0,
        "sprintEndDate": "2026-05-08",
        "sprintId": "sp-23",
        "sprintName": "Sprint 23 — Foundations",
        "sprintStartDate": "2026-04-20",
        "startedDate": "2026-04-20",
        "status": "done",
        "statusChanges": [
          {
            "date": "2026-04-20",
            "toStatus": {
              "name": "To Do",
              "statusCategory": {
                "key": "new",
              },
            },
          },
          {
            "date": "2026-04-20",
            "toStatus": {
              "name": "In Progress",
              "statusCategory": {
                "key": "indeterminate",
              },
            },
          },
          {
            "date": "2026-04-30",
            "toStatus": {
              "name": "Done",
              "statusCategory": {
                "key": "done",
              },
            },
          },
        ],
        "statusName": "Done",
        "summary": "Jira REST client wrapper",
        "timeSpent": 13,
        "type": "Story",
      },
      {
        "assignee": {
          "color": "#a78bfa",
          "id": "u1",
          "initials": "LN",
          "name": "Linh Nguyen",
        },
        "doneDate": "2026-04-27",
        "epicKey": "EPIC-100",
        "key": "ATL-302",
        "originalEstimate": 8,
        "priority": "High",
        "remainingEstimate": 0,
        "sprintEndDate": "2026-05-08",
        "sprintId": "sp-23",
        "sprintName": "Sprint 23 — Foundations",
        "sprintStartDate": "2026-04-20",
        "startedDate": "2026-04-21",
        "status": "done",
        "statusChanges": [
          {
            "date": "2026-04-20",
            "toStatus": {
              "name": "To Do",
              "statusCategory": {
                "key": "new",
              },
            },
          },
          {
            "date": "2026-04-21",
            "toStatus": {
              "name": "In Progress",
              "statusCategory": {
                "key": "indeterminate",
              },
            },
          },
          {
            "date": "2026-04-27",
            "toStatus": {
              "name": "Done",
              "statusCategory": {
                "key": "done",
              },
            },
          },
        ],
        "statusName": "Done",
        "summary": "Issue + Sprint data schema",
        "timeSpent": 7,
        "type": "Task",
      },
    ],
    "today": "2026-05-22",
  },
  {
    "endDate": null,
    "id": "EPIC-101",
    "isNoEpic": false,
    "key": "EPIC-101",
    "name": "Dashboard Insights",
    "progress": {
      "counts": {
        "done": 3,
        "inprogress": 3,
        "todo": 2,
      },
      "doneHours": 19,
      "doneIssues": 3,
      "hours": {
        "done": 19,
        "inprogress": 32,
        "todo": 24,
      },
      "percent": 25,
      "totalHours": 75,
      "totalIssues": 8,
    },
    "sprintIds": [
      "sp-24",
      "sp-23",
      "sp-25",
    ],
    "startDate": "2026-04-21",
    "status": "inprogress",
    "statusName": "In Progress",
    "summary": "Burndown, CFD, control chart, and predictive widgets",
    "tasks": [
      {
        "assignee": {
          "color": "#fb7185",
          "id": "u3",
          "initials": "MP",
          "name": "Mai Pham",
        },
        "doneDate": null,
        "epicKey": "EPIC-101",
        "key": "ATL-403",
        "originalEstimate": 10,
        "priority": "Medium",
        "remainingEstimate": 5,
        "sprintEndDate": "2026-05-29",
        "sprintId": "sp-24",
        "sprintName": "Sprint 24 — Atlas Release",
        "sprintStartDate": "2026-05-11",
        "startedDate": "2026-05-15",
        "status": "inprogress",
        "statusChanges": [
          {
            "date": "2026-05-11",
            "toStatus": {
              "name": "To Do",
              "statusCategory": {
                "key": "new",
              },
            },
          },
          {
            "date": "2026-05-15",
            "toStatus": {
              "name": "In Progress",
              "statusCategory": {
                "key": "indeterminate",
              },
            },
          },
        ],
        "statusName": "In Progress",
        "summary": "Burndown calc — exclude weekends & holidays",
        "timeSpent": 6,
        "type": "Task",
      },
      {
        "assignee": {
          "color": "#a78bfa",
          "id": "u1",
          "initials": "LN",
          "name": "Linh Nguyen",
        },
        "doneDate": null,
        "epicKey": "EPIC-101",
        "key": "ATL-404",
        "originalEstimate": 12,
        "priority": "Medium",
        "remainingEstimate": 5,
        "sprintEndDate": "2026-05-29",
        "sprintId": "sp-24",
        "sprintName": "Sprint 24 — Atlas Release",
        "sprintStartDate": "2026-05-11",
        "startedDate": "2026-05-13",
        "status": "inprogress",
        "statusChanges": [
          {
            "date": "2026-05-11",
            "toStatus": {
              "name": "To Do",
              "statusCategory": {
                "key": "new",
              },
            },
          },
          {
            "date": "2026-05-13",
            "toStatus": {
              "name": "In Progress",
              "statusCategory": {
                "key": "indeterminate",
              },
            },
          },
        ],
        "statusName": "Code Review",
        "summary": "Workload report — per-user breakdown UI",
        "timeSpent": 8,
        "type": "Story",
      },
      {
        "assignee": {
          "color": "#84cc16",
          "id": "u4",
          "initials": "DL",
          "name": "Duc Le",
        },
        "doneDate": "2026-05-17",
        "epicKey": "EPIC-101",
        "key": "ATL-405",
        "originalEstimate": 6,
        "priority": "Medium",
        "remainingEstimate": 0,
        "sprintEndDate": "2026-05-29",
        "sprintId": "sp-24",
        "sprintName": "Sprint 24 — Atlas Release",
        "sprintStartDate": "2026-05-11",
        "startedDate": "2026-05-12",
        "status": "done",
        "statusChanges": [
          {
            "date": "2026-05-11",
            "toStatus": {
              "name": "To Do",
              "statusCategory": {
                "key": "new",
              },
            },
          },
          {
            "date": "2026-05-12",
            "toStatus": {
              "name": "In Progress",
              "statusCategory": {
                "key": "indeterminate",
              },
            },
          },
          {
            "date": "2026-05-17",
            "toStatus": {
              "name": "Done",
              "statusCategory": {
                "key": "done",
              },
            },
          },
        ],
        "statusName": "Done",
        "summary": "Cumulative Flow data model",
        "timeSpent": 5.5,
        "type": "Task",
      },
      {
        "assignee": {
          "color": "#84cc16",
          "id": "u4",
          "initials": "DL",
          "name": "Duc Le",
        },
        "doneDate": null,
        "epicKey": "EPIC-101",
        "key": "ATL-406",
        "originalEstimate": 10,
        "priority": "Medium",
        "remainingEstimate": 7,
        "sprintEndDate": "2026-05-29",
        "sprintId": "sp-24",
        "sprintName": "Sprint 24 — Atlas Release",
        "sprintStartDate": "2026-05-11",
        "startedDate": "2026-05-19",
        "status": "inprogress",
        "statusChanges": [
          {
            "date": "2026-05-11",
            "toStatus": {
              "name": "To Do",
              "statusCategory": {
                "key": "new",
              },
            },
          },
          {
            "date": "2026-05-19",
            "toStatus": {
              "name": "In Progress",
              "statusCategory": {
                "key": "indeterminate",
              },
            },
          },
        ],
        "statusName": "Blocked",
        "summary": "Control Chart — cycle time histogram",
        "timeSpent": 4,
        "type": "Task",
      },
      {
        "assignee": {
          "color": "#fb7185",
          "id": "u3",
          "initials": "MP",
          "name": "Mai Pham",
        },
        "doneDate": "2026-04-28",
        "epicKey": "EPIC-101",
        "key": "ATL-303",
        "originalEstimate": 10,
        "priority": "Medium",
        "remainingEstimate": 0,
        "sprintEndDate": "2026-05-08",
        "sprintId": "sp-23",
        "sprintName": "Sprint 23 — Foundations",
        "sprintStartDate": "2026-04-20",
        "startedDate": "2026-04-21",
        "status": "done",
        "statusChanges": [
          {
            "date": "2026-04-20",
            "toStatus": {
              "name": "To Do",
              "statusCategory": {
                "key": "new",
              },
            },
          },
          {
            "date": "2026-04-21",
            "toStatus": {
              "name": "In Progress",
              "statusCategory": {
                "key": "indeterminate",
              },
            },
          },
          {
            "date": "2026-04-28",
            "toStatus": {
              "name": "Done",
              "statusCategory": {
                "key": "done",
              },
            },
          },
        ],
        "statusName": "Done",
        "summary": "Initial dashboard route + shell",
        "timeSpent": 11,
        "type": "Story",
      },
      {
        "assignee": {
          "color": "#f59e0b",
          "id": "u5",
          "initials": "AV",
          "name": "An Vu",
        },
        "doneDate": "2026-04-26",
        "epicKey": "EPIC-101",
        "key": "ATL-305",
        "originalEstimate": 3,
        "priority": "Low",
        "remainingEstimate": 0,
        "sprintEndDate": "2026-05-08",
        "sprintId": "sp-23",
        "sprintName": "Sprint 23 — Foundations",
        "sprintStartDate": "2026-04-20",
        "startedDate": "2026-04-24",
        "status": "done",
        "statusChanges": [
          {
            "date": "2026-04-23",
            "toStatus": {
              "name": "To Do",
              "statusCategory": {
                "key": "new",
              },
            },
          },
          {
            "date": "2026-04-24",
            "toStatus": {
              "name": "In Progress",
              "statusCategory": {
                "key": "indeterminate",
              },
            },
          },
          {
            "date": "2026-04-26",
            "toStatus": {
              "name": "Done",
              "statusCategory": {
                "key": "done",
              },
            },
          },
        ],
        "statusName": "Done",
        "summary": "Status category color tokens",
        "timeSpent": 2.5,
        "type": "Task",
      },
      {
        "assignee": {
          "color": "#a78bfa",
          "id": "u1",
          "initials": "LN",
          "name": "Linh Nguyen",
        },
        "doneDate": null,
        "epicKey": "EPIC-101",
        "key": "ATL-501",
        "originalEstimate": 8,
        "priority": "High",
        "remainingEstimate": 8,
        "sprintEndDate": "2026-06-19",
        "sprintId": "sp-25",
        "sprintName": "Sprint 25 — Insights",
        "sprintStartDate": "2026-06-01",
        "startedDate": null,
        "status": "todo",
        "statusChanges": [],
        "statusName": "To Do",
        "summary": "Velocity rolling-average widget",
        "timeSpent": 0,
        "type": "Story",
      },
      {
        "assignee": {
          "color": "#22d3ee",
          "id": "u2",
          "initials": "KT",
          "name": "Khoa Tran",
        },
        "doneDate": null,
        "epicKey": "EPIC-101",
        "key": "ATL-502",
        "originalEstimate": 16,
        "priority": "High",
        "remainingEstimate": 16,
        "sprintEndDate": "2026-06-19",
        "sprintId": "sp-25",
        "sprintName": "Sprint 25 — Insights",
        "sprintStartDate": "2026-06-01",
        "startedDate": null,
        "status": "todo",
        "statusChanges": [],
        "statusName": "To Do",
        "summary": "Forecast — completion probability",
        "timeSpent": 0,
        "type": "Story",
      },
    ],
    "today": "2026-05-22",
  },
  {
    "endDate": "2026-05-20",
    "id": "EPIC-102",
    "isNoEpic": false,
    "key": "EPIC-102",
    "name": "Auth & Reliability",
    "progress": {
      "counts": {
        "done": 3,
        "inprogress": 0,
        "todo": 0,
      },
      "doneHours": 18,
      "doneIssues": 3,
      "hours": {
        "done": 18,
        "inprogress": 0,
        "todo": 0,
      },
      "percent": 100,
      "totalHours": 18,
      "totalIssues": 3,
    },
    "sprintIds": [
      "sp-24",
      "sp-23",
    ],
    "startDate": "2026-04-22",
    "status": "done",
    "statusName": "Done",
    "summary": "Microsoft SSO, token rotation, and refresh hardening",
    "tasks": [
      {
        "assignee": {
          "color": "#a78bfa",
          "id": "u1",
          "initials": "LN",
          "name": "Linh Nguyen",
        },
        "doneDate": "2026-05-16",
        "epicKey": "EPIC-102",
        "key": "ATL-401",
        "originalEstimate": 8,
        "priority": "High",
        "remainingEstimate": 0,
        "sprintEndDate": "2026-05-29",
        "sprintId": "sp-24",
        "sprintName": "Sprint 24 — Atlas Release",
        "sprintStartDate": "2026-05-11",
        "startedDate": "2026-05-12",
        "status": "done",
        "statusChanges": [
          {
            "date": "2026-05-11",
            "toStatus": {
              "name": "To Do",
              "statusCategory": {
                "key": "new",
              },
            },
          },
          {
            "date": "2026-05-12",
            "toStatus": {
              "name": "In Progress",
              "statusCategory": {
                "key": "indeterminate",
              },
            },
          },
          {
            "date": "2026-05-16",
            "toStatus": {
              "name": "Done",
              "statusCategory": {
                "key": "done",
              },
            },
          },
        ],
        "statusName": "Done",
        "summary": "Implement OAuth callback for Jira Cloud",
        "timeSpent": 7.5,
        "type": "Story",
      },
      {
        "assignee": {
          "color": "#fb7185",
          "id": "u3",
          "initials": "MP",
          "name": "Mai Pham",
        },
        "doneDate": "2026-05-20",
        "epicKey": "EPIC-102",
        "key": "ATL-413",
        "originalEstimate": 4,
        "priority": "High",
        "remainingEstimate": 0,
        "sprintEndDate": "2026-05-29",
        "sprintId": "sp-24",
        "sprintName": "Sprint 24 — Atlas Release",
        "sprintStartDate": "2026-05-11",
        "startedDate": "2026-05-18",
        "status": "done",
        "statusChanges": [
          {
            "date": "2026-05-15",
            "toStatus": {
              "name": "To Do",
              "statusCategory": {
                "key": "new",
              },
            },
          },
          {
            "date": "2026-05-18",
            "toStatus": {
              "name": "In Progress",
              "statusCategory": {
                "key": "indeterminate",
              },
            },
          },
          {
            "date": "2026-05-20",
            "toStatus": {
              "name": "Done",
              "statusCategory": {
                "key": "done",
              },
            },
          },
        ],
        "statusName": "Resolved",
        "summary": "Auth — refresh token rotation bug",
        "timeSpent": 4.5,
        "type": "Bug",
      },
      {
        "assignee": {
          "color": "#22d3ee",
          "id": "u2",
          "initials": "KT",
          "name": "Khoa Tran",
        },
        "doneDate": "2026-04-29",
        "epicKey": "EPIC-102",
        "key": "ATL-306",
        "originalEstimate": 6,
        "priority": "Medium",
        "remainingEstimate": 0,
        "sprintEndDate": "2026-05-08",
        "sprintId": "sp-23",
        "sprintName": "Sprint 23 — Foundations",
        "sprintStartDate": "2026-04-20",
        "startedDate": "2026-04-22",
        "status": "done",
        "statusChanges": [
          {
            "date": "2026-04-22",
            "toStatus": {
              "name": "To Do",
              "statusCategory": {
                "key": "new",
              },
            },
          },
          {
            "date": "2026-04-22",
            "toStatus": {
              "name": "In Progress",
              "statusCategory": {
                "key": "indeterminate",
              },
            },
          },
          {
            "date": "2026-04-29",
            "toStatus": {
              "name": "Done",
              "statusCategory": {
                "key": "done",
              },
            },
          },
        ],
        "statusName": "Done",
        "summary": "User profile sync",
        "timeSpent": 6.5,
        "type": "Task",
      },
    ],
    "today": "2026-05-22",
  },
  {
    "endDate": null,
    "id": "__NO_EPIC__",
    "isNoEpic": true,
    "key": "__NO_EPIC__",
    "name": "No Epic",
    "progress": {
      "counts": {
        "done": 4,
        "inprogress": 0,
        "todo": 7,
      },
      "doneHours": 14,
      "doneIssues": 4,
      "hours": {
        "done": 14,
        "inprogress": 0,
        "todo": 56,
      },
      "percent": 20,
      "totalHours": 70,
      "totalIssues": 11,
    },
    "sprintIds": [
      "sp-24",
      "sp-23",
      "sp-25",
    ],
    "startDate": "2026-04-24",
    "status": "inprogress",
    "statusName": "",
    "summary": "Tasks without an Epic parent",
    "tasks": [
      {
        "assignee": {
          "color": "#fb7185",
          "id": "u3",
          "initials": "MP",
          "name": "Mai Pham",
        },
        "doneDate": "2026-05-14",
        "epicKey": null,
        "key": "ATL-407",
        "originalEstimate": 4,
        "priority": "Low",
        "remainingEstimate": 0,
        "sprintEndDate": "2026-05-29",
        "sprintId": "sp-24",
        "sprintName": "Sprint 24 — Atlas Release",
        "sprintStartDate": "2026-05-11",
        "startedDate": "2026-05-13",
        "status": "done",
        "statusChanges": [
          {
            "date": "2026-05-12",
            "toStatus": {
              "name": "To Do",
              "statusCategory": {
                "key": "new",
              },
            },
          },
          {
            "date": "2026-05-13",
            "toStatus": {
              "name": "In Progress",
              "statusCategory": {
                "key": "indeterminate",
              },
            },
          },
          {
            "date": "2026-05-14",
            "toStatus": {
              "name": "Done",
              "statusCategory": {
                "key": "done",
              },
            },
          },
        ],
        "statusName": "Done",
        "summary": "Empty-state illustrations for dashboard",
        "timeSpent": 4,
        "type": "Task",
      },
      {
        "assignee": {
          "color": "#f59e0b",
          "id": "u5",
          "initials": "AV",
          "name": "An Vu",
        },
        "doneDate": null,
        "epicKey": null,
        "key": "ATL-409",
        "originalEstimate": 8,
        "priority": "Low",
        "remainingEstimate": 8,
        "sprintEndDate": "2026-05-29",
        "sprintId": "sp-24",
        "sprintName": "Sprint 24 — Atlas Release",
        "sprintStartDate": "2026-05-11",
        "startedDate": null,
        "status": "todo",
        "statusChanges": [],
        "statusName": "Backlog",
        "summary": "Export dashboard as PDF",
        "timeSpent": 0,
        "type": "Story",
      },
      {
        "assignee": {
          "color": "#f59e0b",
          "id": "u5",
          "initials": "AV",
          "name": "An Vu",
        },
        "doneDate": null,
        "epicKey": null,
        "key": "ATL-410",
        "originalEstimate": 3,
        "priority": "Low",
        "remainingEstimate": 3,
        "sprintEndDate": "2026-05-29",
        "sprintId": "sp-24",
        "sprintName": "Sprint 24 — Atlas Release",
        "sprintStartDate": "2026-05-11",
        "startedDate": null,
        "status": "todo",
        "statusChanges": [],
        "statusName": "To Do",
        "summary": "Sprint filter dropdown — keyboard nav",
        "timeSpent": 0,
        "type": "Task",
      },
      {
        "assignee": {
          "color": "#22d3ee",
          "id": "u2",
          "initials": "KT",
          "name": "Khoa Tran",
        },
        "doneDate": null,
        "epicKey": null,
        "key": "ATL-412",
        "originalEstimate": 8,
        "priority": "Medium",
        "remainingEstimate": 8,
        "sprintEndDate": "2026-05-29",
        "sprintId": "sp-24",
        "sprintName": "Sprint 24 — Atlas Release",
        "sprintStartDate": "2026-05-11",
        "startedDate": null,
        "status": "todo",
        "statusChanges": [],
        "statusName": "Selected for Development",
        "summary": "Performance — virtualize workload table",
        "timeSpent": 0,
        "type": "Task",
      },
      {
        "assignee": {
          "color": "#f59e0b",
          "id": "u5",
          "initials": "AV",
          "name": "An Vu",
        },
        "doneDate": null,
        "epicKey": null,
        "key": "ATL-414",
        "originalEstimate": 5,
        "priority": "Low",
        "remainingEstimate": 5,
        "sprintEndDate": "2026-05-29",
        "sprintId": "sp-24",
        "sprintName": "Sprint 24 — Atlas Release",
        "sprintStartDate": "2026-05-11",
        "startedDate": null,
        "status": "todo",
        "statusChanges": [],
        "statusName": "To Do",
        "summary": "Docs — REST endpoint reference page",
        "timeSpent": 0,
        "type": "Task",
      },
      {
        "assignee": {
          "color": "#84cc16",
          "id": "u4",
          "initials": "DL",
          "name": "Duc Le",
        },
        "doneDate": "2026-05-15",
        "epicKey": null,
        "key": "ATL-415",
        "originalEstimate": 3,
        "priority": "Low",
        "remainingEstimate": 0,
        "sprintEndDate": "2026-05-29",
        "sprintId": "sp-24",
        "sprintName": "Sprint 24 — Atlas Release",
        "sprintStartDate": "2026-05-11",
        "startedDate": "2026-05-14",
        "status": "done",
        "statusChanges": [
          {
            "date": "2026-05-11",
            "toStatus": {
              "name": "To Do",
              "statusCategory": {
                "key": "new",
              },
            },
          },
          {
            "date": "2026-05-14",
            "toStatus": {
              "name": "In Progress",
              "statusCategory": {
                "key": "indeterminate",
              },
            },
          },
          {
            "date": "2026-05-15",
            "toStatus": {
              "name": "Done",
              "statusCategory": {
                "key": "done",
              },
            },
          },
        ],
        "statusName": "Done",
        "summary": "Telemetry: dashboard render p95",
        "timeSpent": 3,
        "type": "Task",
      },
      {
        "assignee": {
          "color": "#84cc16",
          "id": "u4",
          "initials": "DL",
          "name": "Duc Le",
        },
        "doneDate": "2026-04-25",
        "epicKey": null,
        "key": "ATL-304",
        "originalEstimate": 4,
        "priority": "Medium",
        "remainingEstimate": 0,
        "sprintEndDate": "2026-05-08",
        "sprintId": "sp-23",
        "sprintName": "Sprint 23 — Foundations",
        "sprintStartDate": "2026-04-20",
        "startedDate": "2026-04-24",
        "status": "done",
        "statusChanges": [
          {
            "date": "2026-04-22",
            "toStatus": {
              "name": "To Do",
              "statusCategory": {
                "key": "new",
              },
            },
          },
          {
            "date": "2026-04-24",
            "toStatus": {
              "name": "In Progress",
              "statusCategory": {
                "key": "indeterminate",
              },
            },
          },
          {
            "date": "2026-04-25",
            "toStatus": {
              "name": "Done",
              "statusCategory": {
                "key": "done",
              },
            },
          },
        ],
        "statusName": "Done",
        "summary": "Working-day duration utility",
        "timeSpent": 3.5,
        "type": "Task",
      },
      {
        "assignee": {
          "color": "#a78bfa",
          "id": "u1",
          "initials": "LN",
          "name": "Linh Nguyen",
        },
        "doneDate": "2026-05-07",
        "epicKey": null,
        "key": "ATL-307",
        "originalEstimate": 3,
        "priority": "High",
        "remainingEstimate": 0,
        "sprintEndDate": "2026-05-08",
        "sprintId": "sp-23",
        "sprintName": "Sprint 23 — Foundations",
        "sprintStartDate": "2026-04-20",
        "startedDate": "2026-05-06",
        "status": "done",
        "statusChanges": [
          {
            "date": "2026-05-05",
            "toStatus": {
              "name": "To Do",
              "statusCategory": {
                "key": "new",
              },
            },
          },
          {
            "date": "2026-05-06",
            "toStatus": {
              "name": "In Progress",
              "statusCategory": {
                "key": "indeterminate",
              },
            },
          },
          {
            "date": "2026-05-07",
            "toStatus": {
              "name": "Done",
              "statusCategory": {
                "key": "done",
              },
            },
          },
        ],
        "statusName": "Done",
        "summary": "Bug: timezone offset in dates",
        "timeSpent": 4,
        "type": "Bug",
      },
      {
        "assignee": {
          "color": "#84cc16",
          "id": "u4",
          "initials": "DL",
          "name": "Duc Le",
        },
        "doneDate": null,
        "epicKey": null,
        "key": "ATL-503",
        "originalEstimate": 12,
        "priority": "Medium",
        "remainingEstimate": 12,
        "sprintEndDate": "2026-06-19",
        "sprintId": "sp-25",
        "sprintName": "Sprint 25 — Insights",
        "sprintStartDate": "2026-06-01",
        "startedDate": null,
        "status": "todo",
        "statusChanges": [],
        "statusName": "To Do",
        "summary": "Anomaly detection on cycle time",
        "timeSpent": 0,
        "type": "Task",
      },
      {
        "assignee": {
          "color": "#f59e0b",
          "id": "u5",
          "initials": "AV",
          "name": "An Vu",
        },
        "doneDate": null,
        "epicKey": null,
        "key": "ATL-504",
        "originalEstimate": 6,
        "priority": "Low",
        "remainingEstimate": 6,
        "sprintEndDate": "2026-06-19",
        "sprintId": "sp-25",
        "sprintName": "Sprint 25 — Insights",
        "sprintStartDate": "2026-06-01",
        "startedDate": null,
        "status": "todo",
        "statusChanges": [],
        "statusName": "To Do",
        "summary": "Slack notifications for blockers",
        "timeSpent": 0,
        "type": "Task",
      },
      {
        "assignee": {
          "color": "#fb7185",
          "id": "u3",
          "initials": "MP",
          "name": "Mai Pham",
        },
        "doneDate": null,
        "epicKey": null,
        "key": "ATL-505",
        "originalEstimate": 14,
        "priority": "Medium",
        "remainingEstimate": 14,
        "sprintEndDate": "2026-06-19",
        "sprintId": "sp-25",
        "sprintName": "Sprint 25 — Insights",
        "sprintStartDate": "2026-06-01",
        "startedDate": null,
        "status": "todo",
        "statusChanges": [],
        "statusName": "To Do",
        "summary": "Multi-board comparison view",
        "timeSpent": 0,
        "type": "Story",
      },
    ],
    "today": "2026-05-22",
  },
]
`;

exports[`enrichEpicWithDetail > recomputes progress + dates from detailed issues (golden master) 1`] = `
{
  "detailLoaded": true,
  "endDate": "2026-04-30",
  "id": "EPIC-100",
  "isNoEpic": false,
  "key": "EPIC-100",
  "name": "Atlas Pipeline Foundations",
  "progress": {
    "counts": {
      "done": 1,
      "inprogress": 0,
      "todo": 0,
    },
    "doneHours": 12,
    "doneIssues": 1,
    "hours": {
      "done": 12,
      "inprogress": 0,
      "todo": 0,
    },
    "percent": 100,
    "totalHours": 12,
    "totalIssues": 1,
  },
  "sprintIds": [
    "sp-23",
  ],
  "startDate": "2026-04-22",
  "status": "done",
  "statusName": "In Progress",
  "summary": "Atlas Pipeline Foundations",
  "tasks": [
    {
      "assignee": {
        "color": "#a78bfa",
        "id": "u2",
        "initials": "KT",
        "name": "Khoa Tran",
      },
      "assigneeId": "u2",
      "assigneeName": "Khoa Tran",
      "doneDate": "2026-04-30",
      "epicKey": "EPIC-100",
      "epicName": "Atlas Pipeline Foundations",
      "key": "ATL-301",
      "originalEstimate": 12,
      "priority": "High",
      "remainingEstimate": 0,
      "sprintEndDate": "2026-05-08",
      "sprintId": "sp-23",
      "sprintName": "Sprint 23",
      "sprintStartDate": "2026-04-20",
      "startedDate": "2026-04-22",
      "status": "done",
      "statusChanges": [
        {
          "date": "2026-04-20",
          "toStatus": {
            "statusCategory": {
              "key": "new",
            },
          },
        },
        {
          "date": "2026-04-22",
          "toStatus": {
            "statusCategory": {
              "key": "indeterminate",
            },
          },
        },
        {
          "date": "2026-04-30",
          "toStatus": {
            "statusCategory": {
              "key": "done",
            },
          },
        },
      ],
      "statusName": "Done",
      "summary": "REST client",
      "timeSpent": 13,
      "type": "Story",
    },
  ],
  "today": "2026-05-22",
}
`;
