// Vitest Snapshot v1, https://vitest.dev/guide/snapshot.html

exports[`generateDailySeries > builds a closed-sprint series (golden master) 1`] = `
{
  "actualRemaining": [
    46,
    46,
    46,
    46,
    46,
    31,
    21,
    15,
    3,
    3,
    3,
    3,
    3,
    0,
    0,
  ],
  "cfd": [
    {
      "done": 0,
      "inprogress": 1,
      "todo": 6,
    },
    {
      "done": 0,
      "inprogress": 3,
      "todo": 4,
    },
    {
      "done": 0,
      "inprogress": 4,
      "todo": 3,
    },
    {
      "done": 0,
      "inprogress": 4,
      "todo": 3,
    },
    {
      "done": 0,
      "inprogress": 6,
      "todo": 1,
    },
    {
      "done": 3,
      "inprogress": 3,
      "todo": 1,
    },
    {
      "done": 4,
      "inprogress": 2,
      "todo": 1,
    },
    {
      "done": 5,
      "inprogress": 1,
      "todo": 1,
    },
    {
      "done": 6,
      "inprogress": 0,
      "todo": 1,
    },
    {
      "done": 6,
      "inprogress": 0,
      "todo": 1,
    },
    {
      "done": 6,
      "inprogress": 0,
      "todo": 1,
    },
    {
      "done": 6,
      "inprogress": 0,
      "todo": 1,
    },
    {
      "done": 6,
      "inprogress": 1,
      "todo": 0,
    },
    {
      "done": 7,
      "inprogress": 0,
      "todo": 0,
    },
    {
      "done": 7,
      "inprogress": 0,
      "todo": 0,
    },
  ],
  "completedLine": [
    0,
    0,
    0,
    0,
    0,
    15,
    25,
    31,
    43,
    43,
    43,
    43,
    43,
    46,
    46,
  ],
  "controlPoints": [
    {
      "completionDate": "2026-04-30",
      "cycleTime": 9,
      "dayIdx": 8,
      "key": "ATL-301",
      "startDate": "2026-04-20",
      "summary": "Jira REST client wrapper",
    },
    {
      "completionDate": "2026-04-27",
      "cycleTime": 5,
      "dayIdx": 5,
      "key": "ATL-302",
      "startDate": "2026-04-21",
      "summary": "Issue + Sprint data schema",
    },
    {
      "completionDate": "2026-04-28",
      "cycleTime": 6,
      "dayIdx": 6,
      "key": "ATL-303",
      "startDate": "2026-04-21",
      "summary": "Initial dashboard route + shell",
    },
    {
      "completionDate": "2026-04-25",
      "cycleTime": 1,
      "dayIdx": 4,
      "key": "ATL-304",
      "startDate": "2026-04-24",
      "summary": "Working-day duration utility",
    },
    {
      "completionDate": "2026-04-26",
      "cycleTime": 1,
      "dayIdx": 4,
      "key": "ATL-305",
      "startDate": "2026-04-24",
      "summary": "Status category color tokens",
    },
    {
      "completionDate": "2026-04-29",
      "cycleTime": 6,
      "dayIdx": 7,
      "key": "ATL-306",
      "startDate": "2026-04-22",
      "summary": "User profile sync",
    },
    {
      "completionDate": "2026-05-07",
      "cycleTime": 2,
      "dayIdx": 13,
      "key": "ATL-307",
      "startDate": "2026-05-06",
      "summary": "Bug: timezone offset in dates",
    },
  ],
  "days": [
    2026-04-19T17:00:00.000Z,
    2026-04-20T17:00:00.000Z,
    2026-04-21T17:00:00.000Z,
    2026-04-22T17:00:00.000Z,
    2026-04-23T17:00:00.000Z,
    2026-04-26T17:00:00.000Z,
    2026-04-27T17:00:00.000Z,
    2026-04-28T17:00:00.000Z,
    2026-04-29T17:00:00.000Z,
    2026-04-30T17:00:00.000Z,
    2026-05-03T17:00:00.000Z,
    2026-05-04T17:00:00.000Z,
    2026-05-05T17:00:00.000Z,
    2026-05-06T17:00:00.000Z,
    2026-05-07T17:00:00.000Z,
  ],
  "elapsed": 15,
  "idealLine": [
    46,
    42.7,
    39.4,
    36.1,
    32.9,
    29.6,
    26.3,
    23,
    19.7,
    16.4,
    13.1,
    9.9,
    6.6,
    3.3,
    0,
  ],
  "scopeLine": [
    46,
    46,
    46,
    46,
    46,
    46,
    46,
    46,
    46,
    46,
    46,
    46,
    46,
    46,
    46,
  ],
  "totalDays": 15,
}
`;

exports[`generateDailySeries > builds a future-sprint series (golden master) 1`] = `
{
  "actualRemaining": [
    null,
    null,
    null,
    null,
    null,
    null,
    null,
    null,
    null,
    null,
    null,
    null,
    null,
    null,
    null,
  ],
  "cfd": [
    null,
    null,
    null,
    null,
    null,
    null,
    null,
    null,
    null,
    null,
    null,
    null,
    null,
    null,
    null,
  ],
  "completedLine": [
    null,
    null,
    null,
    null,
    null,
    null,
    null,
    null,
    null,
    null,
    null,
    null,
    null,
    null,
    null,
  ],
  "controlPoints": [],
  "days": [
    2026-05-31T17:00:00.000Z,
    2026-06-01T17:00:00.000Z,
    2026-06-02T17:00:00.000Z,
    2026-06-03T17:00:00.000Z,
    2026-06-04T17:00:00.000Z,
    2026-06-07T17:00:00.000Z,
    2026-06-08T17:00:00.000Z,
    2026-06-09T17:00:00.000Z,
    2026-06-10T17:00:00.000Z,
    2026-06-11T17:00:00.000Z,
    2026-06-14T17:00:00.000Z,
    2026-06-15T17:00:00.000Z,
    2026-06-16T17:00:00.000Z,
    2026-06-17T17:00:00.000Z,
    2026-06-18T17:00:00.000Z,
  ],
  "elapsed": 0,
  "idealLine": [
    56,
    52,
    48,
    44,
    40,
    36,
    32,
    28,
    24,
    20,
    16,
    12,
    8,
    4,
    0,
  ],
  "scopeLine": [
    56,
    56,
    56,
    56,
    56,
    56,
    56,
    56,
    56,
    56,
    56,
    56,
    56,
    56,
    56,
  ],
  "totalDays": 15,
}
`;

exports[`generateDailySeries > builds the active-sprint series from changelog (golden master) 1`] = `
{
  "actualRemaining": [
    108,
    108,
    108,
    104,
    96,
    82,
    82,
    78,
    78,
    51,
    null,
    null,
    null,
    null,
    null,
  ],
  "cfd": [
    {
      "done": 0,
      "inprogress": 0,
      "todo": 15,
    },
    {
      "done": 0,
      "inprogress": 2,
      "todo": 13,
    },
    {
      "done": 0,
      "inprogress": 5,
      "todo": 10,
    },
    {
      "done": 1,
      "inprogress": 6,
      "todo": 8,
    },
    {
      "done": 3,
      "inprogress": 5,
      "todo": 7,
    },
    {
      "done": 5,
      "inprogress": 4,
      "todo": 6,
    },
    {
      "done": 5,
      "inprogress": 6,
      "todo": 4,
    },
    {
      "done": 6,
      "inprogress": 5,
      "todo": 4,
    },
    {
      "done": 6,
      "inprogress": 5,
      "todo": 4,
    },
    {
      "done": 6,
      "inprogress": 5,
      "todo": 4,
    },
    null,
    null,
    null,
    null,
    null,
  ],
  "completedLine": [
    0,
    0,
    0,
    4,
    12,
    26,
    26,
    30,
    30,
    30,
    null,
    null,
    null,
    null,
    null,
  ],
  "controlPoints": [
    {
      "completionDate": "2026-05-16",
      "cycleTime": 4,
      "dayIdx": 4,
      "key": "ATL-401",
      "startDate": "2026-05-12",
      "summary": "Implement OAuth callback for Jira Cloud",
    },
    {
      "completionDate": "2026-05-17",
      "cycleTime": 4,
      "dayIdx": 4,
      "key": "ATL-405",
      "startDate": "2026-05-12",
      "summary": "Cumulative Flow data model",
    },
    {
      "completionDate": "2026-05-14",
      "cycleTime": 2,
      "dayIdx": 3,
      "key": "ATL-407",
      "startDate": "2026-05-13",
      "summary": "Empty-state illustrations for dashboard",
    },
    {
      "completionDate": "2026-05-15",
      "cycleTime": 3,
      "dayIdx": 4,
      "key": "ATL-408",
      "startDate": "2026-05-13",
      "summary": "API rate-limit retry with backoff",
    },
    {
      "completionDate": "2026-05-20",
      "cycleTime": 3,
      "dayIdx": 7,
      "key": "ATL-413",
      "startDate": "2026-05-18",
      "summary": "Auth — refresh token rotation bug",
    },
    {
      "completionDate": "2026-05-15",
      "cycleTime": 2,
      "dayIdx": 4,
      "key": "ATL-415",
      "startDate": "2026-05-14",
      "summary": "Telemetry: dashboard render p95",
    },
  ],
  "days": [
    2026-05-10T17:00:00.000Z,
    2026-05-11T17:00:00.000Z,
    2026-05-12T17:00:00.000Z,
    2026-05-13T17:00:00.000Z,
    2026-05-14T17:00:00.000Z,
    2026-05-17T17:00:00.000Z,
    2026-05-18T17:00:00.000Z,
    2026-05-19T17:00:00.000Z,
    2026-05-20T17:00:00.000Z,
    2026-05-21T17:00:00.000Z,
    2026-05-24T17:00:00.000Z,
    2026-05-25T17:00:00.000Z,
    2026-05-26T17:00:00.000Z,
    2026-05-27T17:00:00.000Z,
    2026-05-28T17:00:00.000Z,
  ],
  "elapsed": 10,
  "idealLine": [
    108,
    100.3,
    92.6,
    84.9,
    77.1,
    69.4,
    61.7,
    54,
    46.3,
    38.6,
    30.9,
    23.1,
    15.4,
    7.7,
    0,
  ],
  "scopeLine": [
    108,
    108,
    108,
    108,
    108,
    108,
    108,
    108,
    108,
    108,
    108,
    108,
    108,
    108,
    108,
  ],
  "totalDays": 15,
}
`;
